0.175112416405115 0.151349532415353 -0.347765987137054 -0.452598537970849 -0.445208210080268 0.0824329644874103 0.215678067126622
-0.138977950805339 -0.268762183835648 -0.151992340283887 -0.15762649683926 -0.196338620282984 -0.42931566461335 0.33896959733
0.120278427071085 -0.0965088568754101 -0.378341545692274 0.235966158880164 -0.453808443668452 0.422744570189092 -0.0667394389920517
0.311150885100285 -0.37797948174787 0.38415305774966 0.294682157333805 -0.304523236366202 0.300372092351107 -0.0293752843934593
-0.480742522585859 -0.231561178602717 -0.405721609935854 0.0449058982446715 0.220165802516526 -0.214053143579637 0.0607134110445561
-0.4161264917171 -0.242153829887395 0.430040626107489 0.186223462984041 0.221753273499297 0.0436632328413619 -0.230908456469002
0.47480166718489 -0.168334761257371 -0.100980030965445 0.393632695933602 0.377799071151527 0.48477623697061 0.249018467641946
